[docs.pixelstrap.net/reactnative/megabot/document/index.html]
[backblue.gif]
[fade.gif]
[index.html]
[docs.pixelstrap.net/reactnative/megabot/assets/images/robot.png]
[docs.pixelstrap.net/reactnative/megabot/document/admin.html]
[docs.pixelstrap.net/reactnative/megabot/document/installation_wizard.html]
[docs.pixelstrap.net/reactnative/megabot/document/caracter.html]
[docs.pixelstrap.net/reactnative/megabot/document/general-settings.html]
[docs.pixelstrap.net/reactnative/megabot/document/ad_settings.html]
[docs.pixelstrap.net/reactnative/megabot/document/email_setting.html]
[docs.pixelstrap.net/reactnative/megabot/document/license_setting.html]
[docs.pixelstrap.net/reactnative/megabot/document/installation.html]
[docs.pixelstrap.net/reactnative/megabot/document/create-project.html]
[docs.pixelstrap.net/reactnative/megabot/document/update-theme.html]
[docs.pixelstrap.net/reactnative/megabot/document/change_app_name.html]
[docs.pixelstrap.net/reactnative/megabot/document/change_app_icon.html]
[docs.pixelstrap.net/reactnative/megabot/document/firebase_setup.html]
[docs.pixelstrap.net/reactnative/megabot/document/firebase_sha.html]
[docs.pixelstrap.net/reactnative/megabot/document/build_apk.html]
[docs.pixelstrap.net/reactnative/megabot/document/google_login.html]
[docs.pixelstrap.net/reactnative/megabot/document/apple_login.html]
[docs.pixelstrap.net/reactnative/megabot/document/common_error.html]
[docs.pixelstrap.net/reactnative/megabot/document/changelog.html]
[docs.pixelstrap.net/reactnative/megabot/assets/js/jquery-3.5.1.min.js]
[docs.pixelstrap.net/reactnative/megabot/assets/js/bootstrap/bootstrap.bundle.min.js]
[docs.pixelstrap.net/reactnative/megabot/assets/js/clipboard/clipboard.min.js]
[docs.pixelstrap.net/reactnative/megabot/assets/js/custom-card/custom-card.js]
[docs.pixelstrap.net/reactnative/megabot/assets/js/icons/feather-icon/feather.min.js]
[docs.pixelstrap.net/reactnative/megabot/assets/js/icons/feather-icon/feather-icon.js]
[docs.pixelstrap.net/reactnative/megabot/assets/js/document/main.js]
[docs.pixelstrap.net/reactnative/megabot/document/index.html]
[docs.pixelstrap.net/reactnative/megabot/assets/css/fontawesome.css]
[docs.pixelstrap.net/reactnative/megabot/assets/css/vendors/feather-icon.css]
[docs.pixelstrap.net/reactnative/megabot/assets/css/vendors/animate.css]
[docs.pixelstrap.net/reactnative/megabot/assets/css/vendors/bootstrap.css]
[docs.pixelstrap.net/reactnative/megabot/assets/images/bg-home.png]
[docs.pixelstrap.net/reactnative/megabot/assets/css/style.css]
[docs.pixelstrap.net/reactnative/megabot/assets/images/create-database.png]
[docs.pixelstrap.net/reactnative/megabot/assets/images/create-user.png]
[docs.pixelstrap.net/reactnative/megabot/assets/images/env.png]
[docs.pixelstrap.net/reactnative/megabot/assets/js/tree/jstree.min.js]
[docs.pixelstrap.net/reactnative/megabot/assets/js/tree/tree.js]
[docs.pixelstrap.net/reactnative/megabot/document/admin.html]
[docs.pixelstrap.net/reactnative/megabot/assets/images/installer/phpextention.png]
[docs.pixelstrap.net/reactnative/megabot/assets/images/installer/directories.png]
[docs.pixelstrap.net/reactnative/megabot/assets/images/installer/license.png]
[docs.pixelstrap.net/reactnative/megabot/assets/images/installer/database_setup.png]
[docs.pixelstrap.net/reactnative/megabot/assets/images/installer/completed.png]
[docs.pixelstrap.net/reactnative/megabot/document/installation_wizard.html]
[docs.pixelstrap.net/reactnative/megabot/document/in_app.html]
[docs.pixelstrap.net/reactnative/megabot/assets/images/character/all.png]
[docs.pixelstrap.net/reactnative/megabot/assets/images/character/create.png]
[docs.pixelstrap.net/reactnative/megabot/document/caracter.html]
[docs.pixelstrap.net/reactnative/megabot/assets/images/character/edit.png]
[docs.pixelstrap.net/reactnative/megabot/assets/images/setting/general-settings/appereance.png]
[docs.pixelstrap.net/reactnative/megabot/assets/images/setting/general-settings/api_keys.png]
[docs.pixelstrap.net/reactnative/megabot/assets/images/setting/general-settings/socials.png]
[docs.pixelstrap.net/reactnative/megabot/assets/images/setting/general-settings/usage_team.png]
[docs.pixelstrap.net/reactnative/megabot/assets/images/setting/general-settings/payment_method.png]
[docs.pixelstrap.net/reactnative/megabot/assets/images/setting/general-settings/status.png]
[docs.pixelstrap.net/reactnative/megabot/document/general-settings.html]
[docs.pixelstrap.net/reactnative/megabot/assets/images/setting/ads_settings/Addmobilesetting.png]
[docs.pixelstrap.net/reactnative/megabot/assets/images/setting/ads_settings/open_app_ads.png]
[docs.pixelstrap.net/reactnative/megabot/assets/images/setting/ads_settings/nativ_ad.png]
[docs.pixelstrap.net/reactnative/megabot/assets/images/setting/ads_settings/Ad_banner.png]
[docs.pixelstrap.net/reactnative/megabot/assets/images/setting/ads_settings/ad_reward.png]
[docs.pixelstrap.net/reactnative/megabot/assets/images/setting/ads_settings/ad_interstitial.png]
[docs.pixelstrap.net/reactnative/megabot/document/ad_settings.html]
[docs.pixelstrap.net/reactnative/megabot/assets/images/setting/email_setting/smtp.png]
[docs.pixelstrap.net/reactnative/megabot/document/email_setting.html]
[docs.pixelstrap.net/reactnative/megabot/assets/images/installer/reset_license.png]
[docs.pixelstrap.net/reactnative/megabot/document/license_setting.html]
[docs.pixelstrap.net/reactnative/megabot/assets/images/app/react-native.png]
[docs.pixelstrap.net/reactnative/megabot/document/installation.html]
[docs.pixelstrap.net/reactnative/megabot/assets/images/app/location.png]
[docs.pixelstrap.net/reactnative/megabot/assets/images/app/createproject.png]
[docs.pixelstrap.net/reactnative/megabot/document/create-project.html]
[docs.pixelstrap.net/reactnative/megabot/assets/images/app/copySrc.png]
[docs.pixelstrap.net/reactnative/megabot/assets/images/app/packageJson.png]
[docs.pixelstrap.net/reactnative/megabot/document/update-theme.html]
[docs.pixelstrap.net/reactnative/megabot/assets/images/app/apk1.png]
[docs.pixelstrap.net/reactnative/megabot/assets/images/app/appname1.png]
[docs.pixelstrap.net/reactnative/megabot/assets/images/app/appname2.png]
[docs.pixelstrap.net/reactnative/megabot/document/change_app_name.html]
[docs.pixelstrap.net/reactnative/megabot/assets/images/logo/logo-1.png]
[docs.pixelstrap.net/reactnative/megabot/assets/images/app/appIcon1.png]
[docs.pixelstrap.net/reactnative/megabot/assets/images/app/appIcon2.png]
[docs.pixelstrap.net/reactnative/megabot/assets/images/app/appIcon3.png]
[docs.pixelstrap.net/reactnative/megabot/assets/images/app/appIcon4.png]
[docs.pixelstrap.net/reactnative/megabot/assets/images/app/appIcon5.png]
[docs.pixelstrap.net/reactnative/megabot/assets/images/app/appIcon6.png]
[docs.pixelstrap.net/reactnative/megabot/assets/images/app/appIcon7.png]
[docs.pixelstrap.net/reactnative/megabot/document/change_app_icon.html]
[docs.pixelstrap.net/reactnative/megabot/assets/images/app/appIcon8.png]
[docs.pixelstrap.net/reactnative/megabot/assets/images/app/firebase1.png]
[docs.pixelstrap.net/reactnative/megabot/assets/images/app/firebase2.png]
[docs.pixelstrap.net/reactnative/megabot/assets/images/app/firebase3.png]
[docs.pixelstrap.net/reactnative/megabot/assets/images/app/android1.png]
[docs.pixelstrap.net/reactnative/megabot/assets/images/app/android2.png]
[docs.pixelstrap.net/reactnative/megabot/assets/images/app/android3.png]
[docs.pixelstrap.net/reactnative/megabot/assets/images/app/android4.png]
[docs.pixelstrap.net/reactnative/megabot/assets/images/app/android5.png]
[docs.pixelstrap.net/reactnative/megabot/assets/images/app/android6.png]
[docs.pixelstrap.net/reactnative/megabot/assets/images/app/ios1.png]
[docs.pixelstrap.net/reactnative/megabot/assets/images/app/ios2.png]
[docs.pixelstrap.net/reactnative/megabot/assets/images/app/ios3.png]
[docs.pixelstrap.net/reactnative/megabot/assets/images/app/ios4.png]
[docs.pixelstrap.net/reactnative/megabot/assets/images/app/ios5.png]
[docs.pixelstrap.net/reactnative/megabot/document/firebase_setup.html]
[docs.pixelstrap.net/reactnative/megabot/assets/images/app/sha1.png]
[docs.pixelstrap.net/reactnative/megabot/assets/images/app/sha2.png]
[docs.pixelstrap.net/reactnative/megabot/assets/images/app/sha3.png]
[docs.pixelstrap.net/reactnative/megabot/assets/images/app/sha4.png]
[docs.pixelstrap.net/reactnative/megabot/document/firebase_sha.html]
[docs.pixelstrap.net/reactnative/megabot/assets/images/app/apk2.png]
[docs.pixelstrap.net/reactnative/megabot/assets/images/app/apk3.png]
[docs.pixelstrap.net/reactnative/megabot/assets/images/app/apk4.png]
[docs.pixelstrap.net/reactnative/megabot/assets/images/app/apk5.png]
[docs.pixelstrap.net/reactnative/megabot/assets/images/app/apk6.png]
[docs.pixelstrap.net/reactnative/megabot/assets/images/app/apk7.png]
[docs.pixelstrap.net/reactnative/megabot/assets/images/app/apk8.png]
[docs.pixelstrap.net/reactnative/megabot/assets/images/app/apk9.png]
[docs.pixelstrap.net/reactnative/megabot/document/build_apk.html]
[docs.pixelstrap.net/reactnative/megabot/assets/images/app/apk10.png]
[docs.pixelstrap.net/reactnative/megabot/assets/images/app/social1.png]
[docs.pixelstrap.net/reactnative/megabot/assets/images/app/social2.png]
[docs.pixelstrap.net/reactnative/megabot/assets/images/app/social3.png]
[docs.pixelstrap.net/reactnative/megabot/assets/images/app/social4.png]
[docs.pixelstrap.net/reactnative/megabot/assets/images/app/social5.png]
[docs.pixelstrap.net/reactnative/megabot/assets/images/app/social6.png]
[docs.pixelstrap.net/reactnative/megabot/document/google_login.html]
[docs.pixelstrap.net/reactnative/megabot/assets/images/app/social7.png]
[docs.pixelstrap.net/reactnative/megabot/assets/images/app/social8.png]
[docs.pixelstrap.net/reactnative/megabot/assets/images/app/social9.png]
[docs.pixelstrap.net/reactnative/megabot/assets/images/app/social10.png]
[docs.pixelstrap.net/reactnative/megabot/assets/images/app/social11.png]
[docs.pixelstrap.net/reactnative/megabot/assets/images/app/social12.png]
[docs.pixelstrap.net/reactnative/megabot/assets/images/app/social13.png]
[docs.pixelstrap.net/reactnative/megabot/assets/images/app/social14.png]
[docs.pixelstrap.net/reactnative/megabot/assets/images/app/social15.png]
[docs.pixelstrap.net/reactnative/megabot/document/apple_login.html]
[docs.pixelstrap.net/reactnative/megabot/document/common_error.html]
[docs.pixelstrap.net/reactnative/megabot/document/changelog.html]
[docs.pixelstrap.net/reactnative/megabot/assets/images/details_open.html]
[docs.pixelstrap.net/reactnative/megabot/assets/images/details_close.html]
[docs.pixelstrap.net/reactnative/megabot/assets/images/tree/folder.html]
[docs.pixelstrap.net/reactnative/megabot/assets/images/tree/js.html]
[docs.pixelstrap.net/reactnative/megabot/assets/images/tree/nodejs.html]
[docs.pixelstrap.net/reactnative/megabot/assets/images/tree/sass.html]
[docs.pixelstrap.net/reactnative/megabot/assets/images/tree/html.html]
[docs.pixelstrap.net/reactnative/megabot/assets/images/tree/css.html]
[docs.pixelstrap.net/reactnative/megabot/assets/images/tree/gulp.html]
[docs.pixelstrap.net/reactnative/megabot/assets/images/tree/txt.html]
[docs.pixelstrap.net/reactnative/megabot/assets/images/tree/php.html]
[docs.pixelstrap.net/reactnative/megabot/assets/images/tree/music.html]
[docs.pixelstrap.net/reactnative/megabot/assets/images/tree/svg.html]
[docs.pixelstrap.net/reactnative/megabot/assets/images/tree/json.html]
[docs.pixelstrap.net/reactnative/megabot/assets/images/tree/pug.html]
[docs.pixelstrap.net/reactnative/megabot/assets/images/tree/mp4.html]
[docs.pixelstrap.net/reactnative/megabot/assets/images/tree/img.html]
[docs.pixelstrap.net/reactnative/megabot/assets/images/tree/react.html]
[docs.pixelstrap.net/reactnative/megabot/assets/images/tree/editorconfig.html]
[docs.pixelstrap.net/reactnative/megabot/assets/images/tree/env.html]
[docs.pixelstrap.net/reactnative/megabot/assets/images/tree/xml.html]
[docs.pixelstrap.net/reactnative/megabot/assets/images/tree/m-readme.html]
[docs.pixelstrap.net/reactnative/megabot/assets/images/tree/readme.html]
[docs.pixelstrap.net/reactnative/megabot/assets/images/tree/babel.html]
[docs.pixelstrap.net/reactnative/megabot/assets/images/tree/vue-icon.html]
[docs.pixelstrap.net/reactnative/megabot/assets/images/tree/es_lint.html]
[docs.pixelstrap.net/reactnative/megabot/assets/images/tree/favicon.html]
[docs.pixelstrap.net/reactnative/megabot/assets/images/tree/web.html]
[docs.pixelstrap.net/reactnative/megabot/assets/images/tree/laravel.html]
[docs.pixelstrap.net/reactnative/megabot/assets/images/tree/angular.html]
[docs.pixelstrap.net/reactnative/megabot/assets/images/tree/ts_file.html]
[docs.pixelstrap.net/reactnative/megabot/assets/images/2.html]
[docs.pixelstrap.net/reactnative/megabot/assets/images/installer/4.html]
[docs.pixelstrap.net/reactnative/megabot/document/stripe.html]
[docs.pixelstrap.net/reactnative/megabot/document/paypal.html]
[docs.pixelstrap.net/reactnative/megabot/document/razorpay.html]
[docs.pixelstrap.net/reactnative/megabot/assets/images/app/revenuecat1.png]
[docs.pixelstrap.net/reactnative/megabot/assets/images/app/revenuecat2.png]
[docs.pixelstrap.net/reactnative/megabot/assets/images/app/revenuecat3.png]
[docs.pixelstrap.net/reactnative/megabot/assets/images/app/revenuecat4.png]
[docs.pixelstrap.net/reactnative/megabot/assets/images/app/revenuecat5.png]
[docs.pixelstrap.net/reactnative/megabot/assets/images/app/revenuecat6.png]
[docs.pixelstrap.net/reactnative/megabot/assets/images/app/revenuecat7.png]
[docs.pixelstrap.net/reactnative/megabot/assets/images/app/revenuecat8.png]
[docs.pixelstrap.net/reactnative/megabot/assets/images/app/revenuecat9.png]
[docs.pixelstrap.net/reactnative/megabot/assets/images/app/revenuecat10.png]
[docs.pixelstrap.net/reactnative/megabot/assets/images/app/revenuecat11.png]
[docs.pixelstrap.net/reactnative/megabot/assets/images/app/revenuecat12.png]
[docs.pixelstrap.net/reactnative/megabot/assets/images/app/revenuecat13.png]
[docs.pixelstrap.net/reactnative/megabot/assets/images/app/revenuecat14.png]
[docs.pixelstrap.net/reactnative/megabot/assets/images/app/revenuecat19.png]
[docs.pixelstrap.net/reactnative/megabot/assets/images/app/revenuecat15.png]
[docs.pixelstrap.net/reactnative/megabot/assets/images/app/revenuecat16.png]
[docs.pixelstrap.net/reactnative/megabot/assets/images/app/revenuecat17.png]
[docs.pixelstrap.net/reactnative/megabot/assets/images/app/revenuecat18.png]
[docs.pixelstrap.net/reactnative/megabot/assets/images/app/revenuecat20.png]
[docs.pixelstrap.net/reactnative/megabot/assets/images/app/revenuecat21.png]
[docs.pixelstrap.net/reactnative/megabot/assets/images/app/revenuecat22.png]
[docs.pixelstrap.net/reactnative/megabot/assets/images/app/revenuecat23.png]
[docs.pixelstrap.net/reactnative/megabot/assets/images/app/revenuecat24.png]
[docs.pixelstrap.net/reactnative/megabot/assets/images/app/revenuecat25.png]
[docs.pixelstrap.net/reactnative/megabot/assets/images/app/revenuecat26.png]
[docs.pixelstrap.net/reactnative/megabot/assets/images/app/revenuecat27.png]
[docs.pixelstrap.net/reactnative/megabot/assets/images/app/revenuecat28.png]
[docs.pixelstrap.net/reactnative/megabot/assets/images/app/revenuecat29.png]
[docs.pixelstrap.net/reactnative/megabot/assets/images/app/revenuecat30.png]
[docs.pixelstrap.net/reactnative/megabot/assets/images/app/revenuecat31.png]
[docs.pixelstrap.net/reactnative/megabot/assets/images/app/revenuecat32.png]
[docs.pixelstrap.net/reactnative/megabot/assets/images/app/revenuecat33.png]
[docs.pixelstrap.net/reactnative/megabot/assets/images/app/revenuecat34.png]
[docs.pixelstrap.net/reactnative/megabot/assets/images/app/revenuecat35.png]
[docs.pixelstrap.net/reactnative/megabot/assets/images/app/revenuecat36.png]
[docs.pixelstrap.net/reactnative/megabot/assets/images/app/revenuecat37.png]
[docs.pixelstrap.net/reactnative/megabot/assets/images/app/revenuecat38.png]
[docs.pixelstrap.net/reactnative/megabot/assets/images/app/revenuecat39.png]
[docs.pixelstrap.net/reactnative/megabot/assets/images/app/revenuecat40.png]
[docs.pixelstrap.net/reactnative/megabot/assets/images/app/revenuecat41.png]
[docs.pixelstrap.net/reactnative/megabot/assets/images/app/revenuecat42.png]
[docs.pixelstrap.net/reactnative/megabot/assets/images/app/revenuecat43.png]
[docs.pixelstrap.net/reactnative/megabot/assets/images/app/revenuecat44.png]
[docs.pixelstrap.net/reactnative/megabot/assets/images/app/revenuecat45.png]
[docs.pixelstrap.net/reactnative/megabot/assets/images/app/revenuecat46.png]
[docs.pixelstrap.net/reactnative/megabot/assets/images/app/revenuecat47.png]
[docs.pixelstrap.net/reactnative/megabot/assets/images/app/revenuecat48.png]
[docs.pixelstrap.net/reactnative/megabot/assets/images/app/revenuecat49.png]
[docs.pixelstrap.net/reactnative/megabot/assets/images/app/revenuecat50.png]
[docs.pixelstrap.net/reactnative/megabot/assets/images/app/revenuecat51.png]
[docs.pixelstrap.net/reactnative/megabot/assets/images/app/revenuecat52.png]
[docs.pixelstrap.net/reactnative/megabot/assets/images/app/revenuecat53.png]
[docs.pixelstrap.net/reactnative/megabot/document/in_app.html]
[docs.pixelstrap.net/reactnative/megabot/assets/images/setting/ads_settings/ad_banner.html]
[docs.pixelstrap.net/reactnative/megabot/assets/images/icons/apk-icon.html]
[docs.pixelstrap.net/reactnative/megabot/assets/images/icons/firebase.html]
[docs.pixelstrap.net/reactnative/megabot/assets/images/icons/google.html]
[docs.pixelstrap.net/reactnative/megabot/document/firebase-setup.html]
[docs.pixelstrap.net/reactnative/megabot/assets/images/icons/errors.html]
[docs.pixelstrap.net/reactnative/megabot/assets/images/icons/exchange.html]
